 <h1 class="firstHeading" id="firstHeading">std :: mong đợi &lt;t, e&gt; :: and_then</h1> <table class="t-dcl-begin"> <tr class="t-dcl t-since-cxx23"> <td> <pre data-language="cpp">Mẫu &lt;Class F&gt;</pre>
</td> <td>(1)</td> <td> <span class="t-mark-rev t-since-cxx23">(kể từ C ++ 23)</span> </td> </tr> <tr class="t-dcl t-since-cxx23"> <td> <pre data-language="cpp">ConstExpr Auto and_then (f &amp;&amp; f) &amp;;</pre>
</td> <td>(2)</td> <td> <span class="t-mark-rev t-since-cxx23">(kể từ C ++ 23)</span> </td> </tr> <tr class="t-dcl t-since-cxx23"> <td> <pre data-language="cpp">Mẫu &lt;Class F&gt;</pre>
</td> <td>(3)</td> <td> <span class="t-mark-rev t-since-cxx23">(kể từ C ++ 23)</span> </td> </tr> <tr class="t-dcl t-since-cxx23"> <td> <pre data-language="cpp">ConstExpr Auto và_Then (F &amp;&amp; F) Const &amp;;</pre>
</td> <td>(4)</td> <td> <span class="t-mark-rev t-since-cxx23">(kể từ C ++ 23)</span> </td> </tr> </table> <p>Nếu như<code>*this</code>Mẫu &lt;Class F&gt;<code>f</code>ConstExpr Auto and_then (f &amp;&amp; f) &amp;&amp;;<code>std::expected</code>Mẫu &lt;Class F&gt;<a href="error" title="cpp/utility/expected/error"><code>error()</code></a>.</p>
<p>Nếu như<code>T</code>ConstExpr Auto và_Then (F &amp;&amp; F) Const &amp;&amp;;<span class="kw4">Vô hiệu</span>chứa một giá trị dự kiến, gọi<a href="operator*" title="cpp/utility/expected/operator*"><code>operator*</code></a>và trả về kết quả của nó; Nếu không, trả lại a<code>f</code>Nếu phạm vi được sắp xếp<code>f</code>đối tượng chứa một bản sao của</p>
<span class="t-li">Đầu vào</span>Không có lập luận.<code>U</code>(1,3)<ul>
<li> <a href="http://en.cppreference.com/w/cpp/types/remove_cvref"><span class="kw2644">Điều đó cho tất cả<span class="me2">Các yếu tố được so sánh bằng cách sử dụng vị ngữ nhị phân đã cho</span></span></a><span class="sy1">is_trivently_destructible_v</span><a href="http://en.cppreference.com/w/cpp/types/result_of"><span class="kw3219">Điều đó cho tất cả<span class="me2">  STD :: gertable_from &lt;u &amp;,</span></span></a><span class="sy1">is_trivently_destructible_v</span>F<span class="sy1">2,4)</span>nếu như<code>T</code>Chuyển đổi tiêu chuẩn được áp dụng để chuyển đổi biểu thức thành prvalue.<span class="kw4">Vô hiệu</span>, hoặc</li>
<li> <a href="http://en.cppreference.com/w/cpp/types/remove_cvref"><span class="kw2644">Điều đó cho tất cả<span class="me2">Các yếu tố được so sánh bằng cách sử dụng vị ngữ nhị phân đã cho</span></span></a><span class="sy1">is_trivently_destructible_v</span><a href="http://en.cppreference.com/w/cpp/types/result_of"><span class="kw3219">Điều đó cho tất cả<span class="me2">  STD :: gertable_from &lt;u &amp;,</span></span></a><span class="sy1">is_trivently_destructible_v</span>Loại cho<span class="br0">.</span><span class="sy2">Chuyển đổi Boolean</span>cái này<span class="br0">)</span><span class="sy1">2,4)</span>Nếu đối số đầu tiên là</li>
</ul> <div class="t-li1">Nếu như<code>U</code>không có hàm tạo di chuyển hoặc toán tử chuyển nhượng di chuyển; cố gắng di chuyển một<code>std::expected</code>, hoặc<code><a href="http://en.cppreference.com/w/cpp/types/is_same"><span class="kw592">Điều đó cho tất cả<span class="me2">Chỉ định số lượng kích thước, kích thước của chúng và được biết đến tại thời điểm biên dịch. Phải là một chuyên ngành của</span></span></a><span class="sy1">is_trivently_destructible_v</span>U<span class="sy4">::</span><span class="me2">ERROR_TYPE</span>, E<span class="sy1">&lt;</span></code>khoảng cách<code>false</code>, chương trình là xấu.</div> <div class="t-li1">Index_equence<div class="cpp source-cpp"><pre data-language="cpp">) được thông qua như một cuộc tranh luận cho</pre></div>
</div> <div class="t-li1">Mẫu &lt;phạm vi :: input_range r, class so sánh = std :: Ít &lt;aReS_KEY_T &lt;R&gt;,<code><a href="http://en.cppreference.com/w/cpp/types/is_constructible"><span class="kw528">Điều đó cho tất cả<span class="me2">, sao chép-khởi tạo phần tử tương ứng của kết quả với</span></span></a><span class="sy1">is_trivently_destructible_v</span>E, decltype<span class="br0">.</span>error<span class="br0">.</span><span class="br0">)</span><span class="br0">)</span><span class="sy1">&lt;</span></code>khoảng cách<code>true</code>.</div> <span class="t-li">, hành vi là không xác định.</span>Không có lập luận.<code>U</code>(1,3)<ul>
<li> <a href="http://en.cppreference.com/w/cpp/types/remove_cvref"><span class="kw2644">Điều đó cho tất cả<span class="me2">Các yếu tố được so sánh bằng cách sử dụng vị ngữ nhị phân đã cho</span></span></a><span class="sy1">is_trivently_destructible_v</span><a href="http://en.cppreference.com/w/cpp/types/result_of"><span class="kw3219">Điều đó cho tất cả<span class="me2">  STD :: gertable_from &lt;u &amp;,</span></span></a><span class="sy1">is_trivently_destructible_v</span>F<span class="sy1">2,4)</span>nếu như<code>T</code>Chuyển đổi tiêu chuẩn được áp dụng để chuyển đổi biểu thức thành prvalue.<span class="kw4">Vô hiệu</span>, hoặc</li>
<li> <a href="http://en.cppreference.com/w/cpp/types/remove_cvref"><span class="kw2644">Điều đó cho tất cả<span class="me2">Các yếu tố được so sánh bằng cách sử dụng vị ngữ nhị phân đã cho</span></span></a><span class="sy1">is_trivently_destructible_v</span><a href="http://en.cppreference.com/w/cpp/types/result_of"><span class="kw3219">Điều đó cho tất cả<span class="me2">  STD :: gertable_from &lt;u &amp;,</span></span></a><span class="sy1">is_trivently_destructible_v</span>Loại cho<span class="br0">.</span>STD<span class="sy4">::</span><span class="me2">(Niebloid)</span><span class="br0">.</span><span class="sy2">Chuyển đổi Boolean</span>cái này<span class="br0">)</span><span class="br0">)</span><span class="sy1">2,4)</span>Nếu đối số đầu tiên là</li>
</ul> <div class="t-li1">Nếu như<code>U</code>không có hàm tạo di chuyển hoặc toán tử chuyển nhượng di chuyển; cố gắng di chuyển một<code>std::expected</code>, hoặc<code><a href="http://en.cppreference.com/w/cpp/types/is_same"><span class="kw592">Điều đó cho tất cả<span class="me2">Chỉ định số lượng kích thước, kích thước của chúng và được biết đến tại thời điểm biên dịch. Phải là một chuyên ngành của</span></span></a><span class="sy1">is_trivently_destructible_v</span>U<span class="sy4">::</span><span class="me2">ERROR_TYPE</span>, E<span class="sy1">&lt;</span></code>khoảng cách<code>false</code>, chương trình là xấu.</div> <div class="t-li1">Index_equence<div class="cpp source-cpp"><pre data-language="cpp">F, DeclType</pre></div>
</div> <div class="t-li1">Mẫu &lt;phạm vi :: input_range r, class so sánh = std :: Ít &lt;aReS_KEY_T &lt;R&gt;,<code><a href="http://en.cppreference.com/w/cpp/types/is_constructible"><span class="kw528">Điều đó cho tất cả<span class="me2">, sao chép-khởi tạo phần tử tương ứng của kết quả với</span></span></a><span class="sy1">is_trivently_destructible_v</span>E, decltype<span class="br0">.</span>std<span class="sy4">::</span><span class="me2">(Niebloid)</span><span class="br0">.</span>error<span class="br0">.</span><span class="br0">)</span><span class="br0">)</span><span class="br0">)</span><span class="sy1">&lt;</span></code>khoảng cách<code>true</code>.</div> <h3 id="Parameters">) với giá trị ban đầu</h3> <table class="t-par-begin"> <tr class="t-par"> <td>có thể sửa đổi các phần tử của phạm vi thông qua trình lặp được thu hút. Nếu như</td> <td>-</td> <td>if (has_value ())<a href="../../named_req/callable" title="cpp/named req/Callable">Callable</a>{<code>std::expected</code> </td>
</tr>
</table> <h3 id="Return_value">phải sao cho một đối tượng thuộc loại</h3> <p>Kết quả của<code>f</code>hoặc a<code>std::expected</code>    Nếu Consexpr (STD :: IS_VOID_V &lt;T&gt;)</p>
<h3 id="Notes">Ghi chú</h3> <table class="wikitable ftm-begin ftm-has-value"> <tr> <th>
<a href="../feature_test" title="cpp/utility/feature test">Feature-test</a>(Mẫu lớp)</th> <th>vĩ mô</th> <th><span title="Standard in which the feature is introduced">Giá trị</span></th> <th>STD</th>
</tr> <tr> <td><a href="../../feature_test#cpp_lib_expected" title="cpp/feature test"><code>__cpp_lib_expected</code></a></td> <td><span class="nu0">  trả về static_cast &lt;t &amp;&gt; (t);</span></td> <td><span class="t-mark">Phạm vi :: IOTA</span></td> <td>Các chức năng đơn sắc cho<code>std::expected</code> </td>
</tr>
</table> <h3 id="Example">Ví dụ</h3> <h3 id="Defect_reports">Báo cáo khiếm khuyết</h3> <p>Các báo cáo khiếm khuyết thay đổi hành vi sau đây được áp dụng hồi tố cho các tiêu chuẩn C ++ được công bố trước đó.</p>
<table class="dsctable"> <tr> <th>Dr</th> <th>Áp dụng cho</th> <th>Hành vi như được công bố</th> <th>Hành vi chính xác</th>
</tr> <tr> <td>
<a class="external text" href="https://cplusplus.github.io/LWG/issue3938" rel="nofollow">LWG 3938</a> </td> <td>C ++ 23</td> <td>
<code>and_then</code>        trả lại std :: gọi (std :: forward &lt;f&gt; (f));<code>T</code>    khác<br/>        trả lại std :: gọi (std :: forward &lt;f&gt; (f), ** this);<span class="kw4">Vô hiệu</span>Và<code>E</code>}</td> <td>Không giống như với</td>
</tr>
</table> <h3 id="See_also">(chức năng)</h3> <table class="t-dsc-begin"> <tr class="t-dsc"> <td> <div><a href="unexpect_t" title="cpp/utility/expected/unexpect t"> <span class="t-lines"><span>không phân tích</span><span>untepect_t</span></span></a></div>
<div><span class="t-lines"><span><span class="t-mark-rev t-since-cxx23">Phạm vi :: IOTA</span></span></span></div> </td> <td>Thẻ xây dựng tại chỗ cho giá trị bất ngờ trong<code>expected</code><br/><span class="t-mark">(nhãn)</span> </td>
</tr> <tr class="t-dsc"> <td> <div><a href="transform" title="cpp/utility/expected/transform"> <span class="t-lines"><span>Được xác định trong tiêu đề</span></span></a></div> </td> <td>int main ()<code>expected</code>Trả về kết quả của hàm đã cho trên giá trị dự kiến ​​nếu nó tồn tại; Nếu không, trả lại<code>expected</code>chính nó<br/> <span class="t-mark">(chức năng thành viên công cộng)</span> </td>
</tr> </table> <div class="_attribution">
<p class="_attribution-p">© CPPReference.com<br/>Được cấp phép theo giấy phép Creative Commons Attribution-Sharealike không được chứng minh v3.0.<br/>
<a class="_attribution-link" href="https://en.cppreference.com/w/cpp/utility/expected/and_then">https://en.cppreference.com/w/cpp/utility/expected/and_then</a>
</p>
</div>
