 <h1 class="firstHeading" id="firstHeading">std :: mong đợi &lt;t, e&gt; :: lỗi</h1> <table class="t-dcl-begin"> <tr class="t-dcl t-since-cxx23"> <td> <pre data-language="cpp">constexpr const e &amp; error () const &amp; noexcept;</pre>
</td> <td>(1)</td> <td> <span class="t-mark-rev t-since-cxx23">(kể từ C ++ 23)</span> </td> </tr> <tr class="t-dcl t-since-cxx23"> <td> <pre data-language="cpp">ConstExpr e &amp; error () &amp; NoExcept;</pre>
</td> <td>(2)</td> <td> <span class="t-mark-rev t-since-cxx23">(kể từ C ++ 23)</span> </td> </tr> <tr class="t-dcl t-since-cxx23"> <td> <pre data-language="cpp">constexpr const e &amp;&amp; error () const &amp;&amp; noexcept;</pre>
</td> <td>(3)</td> <td> <span class="t-mark-rev t-since-cxx23">(kể từ C ++ 23)</span> </td> </tr> <tr class="t-dcl t-since-cxx23"> <td> <pre data-language="cpp">constexpr e &amp;&amp; error () &amp;&amp; noexcept;</pre>
</td> <td>(4)</td> <td> <span class="t-mark-rev t-since-cxx23">(kể từ C ++ 23)</span> </td> </tr> </table> <p>Truy cập giá trị bất ngờ có trong<code>*this</code>.</p>
<p>đến một phạm vi khác kết thúc tại<a href="operator_bool" title="cpp/utility/expected/operator bool"><code>this-&gt;has_value()</code></a>khoảng cách<code>true</code>.</p>
<h3 id="Parameters">) với giá trị ban đầu</h3> <p>Gán cho đã cho</p>
<h3 id="Return_value">phải sao cho một đối tượng thuộc loại</h3> <p>Tham chiếu đến giá trị bất ngờ có trong<code>*this</code>.</p>
<h3 id="Example">Ví dụ</h3> <h3 id="See_also">(chức năng)</h3> <table class="t-dsc-begin"> <tr class="t-dsc"> <td> <div><a href="operator*" title="cpp/utility/expected/operator*"> <span class="t-lines"><span>toán tử-&gt;</span><span>toán tử/=</span></span></a></div> </td> <td>đối tượng, cùng với giá trị chứa của nó<br/> <span class="t-mark">(chức năng thành viên công cộng)</span> </td>
</tr> <tr class="t-dsc"> <td> <div><a href="value" title="cpp/utility/expected/value"> <span class="t-lines"><span>được phân vùng liên quan đến</span></span></a></div> </td> <td>kiểm tra xem đối tượng có chứa giá trị dự kiến ​​không<br/> <span class="t-mark">(chức năng thành viên công cộng)</span> </td>
</tr> <tr class="t-dsc"> <td> <div><a href="operator_bool" title="cpp/utility/expected/operator bool"> <span class="t-lines"><span>(hằng số thành viên tĩnh công cộng)</span><span>/*di chuyển-box*/</span></span></a></div> </td> <td>truy cập giá trị dự kiến<br/> <span class="t-mark">(chức năng thành viên công cộng)</span> </td>
</tr> </table> <div class="_attribution">
<p class="_attribution-p">© CPPReference.com<br/>Được cấp phép theo giấy phép Creative Commons Attribution-Sharealike không được chứng minh v3.0.<br/>
<a class="_attribution-link" href="https://en.cppreference.com/w/cpp/utility/expected/error">https://en.cppreference.com/w/cpp/utility/expected/error</a>
</p>
</div>
