 <h1 class="firstHeading" id="firstHeading">std :: mong đợi &lt;t, e&gt; :: mong đợi</h1> <table class="t-dcl-begin"> <tr class="t-dcl t-since-cxx23"> <td> <pre data-language="cpp">constexpr dự kiến ​​() noexcept (/ * xem bên dưới */);</pre>
</td> <td>(1)</td> <td> <span class="t-mark-rev t-since-cxx23">(kể từ C ++ 23)</span> </td> </tr> <tr class="t-dcl t-since-cxx23"> <td> <pre data-language="cpp">Constexpr dự kiến ​​(const mong đợi &amp; khác);</pre>
</td> <td>(2)</td> <td> <span class="t-mark-rev t-since-cxx23">(kể từ C ++ 23)</span> </td> </tr> <tr class="t-dcl t-since-cxx23"> <td> <pre data-language="cpp">Constexpr dự kiến ​​(dự kiến ​​&amp;&amp; khác) NoExcept (/ * xem bên dưới */);</pre>
</td> <td>(3)</td> <td> <span class="t-mark-rev t-since-cxx23">(kể từ C ++ 23)</span> </td> </tr> <tr class="t-dcl t-since-cxx23"> <td> <pre data-language="cpp">Mẫu &lt;class u, class g&gt;</pre>
</td> <td>(4)</td> <td> <span class="t-mark-rev t-since-cxx23">(kể từ C ++ 23)</span> </td> </tr> <tr class="t-dcl t-since-cxx23"> <td> <pre data-language="cpp">Consexpr rõ ràng (/ * xem bên dưới */) dự kiến ​​(const mong đợi &lt;u, g&gt; &amp; other);</pre>
</td> <td>             Không có p);</td> <td> <span class="t-mark-rev t-since-cxx23">(kể từ C ++ 23)</span> </td> </tr> <tr class="t-dcl t-since-cxx23"> <td> <pre data-language="cpp">Mẫu &lt;class u, class g&gt;</pre>
</td> <td>Consexpr bool any_of (đầu vào đầu tiên, đầu vào cuối cùng, không được tính p);</td> <td> <span class="t-mark-rev t-since-cxx23">(kể từ C ++ 23)</span> <br/><span class="t-mark">Mẫu &lt;class g&gt;<i>không ngụ ý rằng</i>Consexpr rõ ràng dự kiến ​​(std :: in_place_t, args &amp;&amp; ... args);</span> </td> </tr> <tr class="t-dcl t-since-cxx23"> <td> <pre data-language="cpp">Consexpr rõ ràng (! std :: is_convertible_v &lt;u, t&gt;) mong đợi (u &amp;&amp; v);</pre>
</td> <td>            Chuyển tiếp 2 First2);</td> <td> <span class="t-mark-rev t-since-cxx23">(kể từ C ++ 23)</span> </td> </tr> <tr class="t-dcl t-since-cxx23"> <td> <pre data-language="cpp">(T thì không</pre>
</td> <td>            Nhị phân p);</td> <td> <span class="t-mark-rev t-since-cxx23">(kể từ C ++ 23)</span> </td> </tr> <tr class="t-dcl t-since-cxx23"> <td> <pre data-language="cpp">khoảng trống)</pre>
</td> <td>(9)</td> <td> <span class="t-mark-rev t-since-cxx23">(kể từ C ++ 23)</span> <br/><span class="t-mark">Mẫu &lt;class g&gt;<i>không ngụ ý rằng</i>Consexpr rõ ràng dự kiến ​​(std :: in_place_t, args &amp;&amp; ... args);</span> </td> </tr> <tr class="t-dcl t-since-cxx23"> <td> <pre data-language="cpp">    mong đợi (const std :: bất ngờ &lt;g&gt; &amp; e);</pre>
</td> <td>(10)</td> <td> <span class="t-mark-rev t-since-cxx23">(kể từ C ++ 23)</span> <br/><span class="t-mark">Mẫu &lt;class g&gt;<i>không ngụ ý rằng</i>Consexpr rõ ràng dự kiến ​​(std :: in_place_t, args &amp;&amp; ... args);</span> </td> </tr> <tr class="t-dcl t-since-cxx23"> <td> <pre data-language="cpp">    mong đợi (std :: bất ngờ &lt;g&gt; &amp;&amp; e);</pre>
</td> <td>(11)</td> <td> <span class="t-mark-rev t-since-cxx23">(kể từ C ++ 23)</span> <br/><span class="t-mark">Mẫu &lt;class ... args&gt;<i>không ngụ ý rằng</i>Consexpr rõ ràng dự kiến ​​(std :: in_place_t, args &amp;&amp; ... args);</span> </td> </tr> <tr class="t-dcl t-since-cxx23"> <td> <pre data-language="cpp">(T thì không</pre>
</td> <td>(12)</td> <td> <span class="t-mark-rev t-since-cxx23">(kể từ C ++ 23)</span> </td> </tr> <tr class="t-dcl t-since-cxx23"> <td> <pre data-language="cpp">khoảng trống)</pre>
</td> <td>(13)</td> <td> <span class="t-mark-rev t-since-cxx23">(kể từ C ++ 23)</span> </td> </tr> </table> <p>Xây dựng một mới<code>expected</code>Giống như các tài liệu tham khảo ngôn ngữ, sự ổn định là nông cạn đối với</p>
<span class="t-li">1)</span>Mẫu &lt;class u, class ... args&gt;<code>T</code>ConstExpr Auto và_Then (F &amp;&amp; F) Const &amp;&amp;;<span class="kw4">Vô hiệu</span>Consexpr rõ ràng dự kiến ​​(STD :: IN_PLO_T,<a href="../../language/value_initialization" title="cpp/language/value initialization">value-initialized</a>.<p>Sau khi xây dựng,<a href="operator_bool" title="cpp/utility/expected/operator bool"><code>has_value()</code></a>(C ++ 20)<code>true</code>.</p>
<ul><li>                const std :: chrono :: sys_time &lt;thời gian&gt; &amp; tp);<code>T</code>Chuyển đổi tiêu chuẩn được áp dụng để chuyển đổi biểu thức thành prvalue.<span class="kw4">Vô hiệu</span>hoặc<code><a href="http://en.cppreference.com/w/cpp/types/is_default_constructible"><span class="kw534">Điều đó cho tất cả<span class="me2">is_default_constructible_v</span></span></a><span class="sy1">is_trivently_destructible_v</span>T<span class="sy1">&lt;</span></code>khoảng cách<code>true</code>.</li></ul> <span class="t-li">2)</span>Sau mã sau:<code>other.has_value()</code>khoảng cách<code>false</code>, đối tượng mới chứa một giá trị bất ngờ, đó là<a href="../../language/direct_initialization" title="cpp/language/direct initialization">direct-initialized</a>từ<code>other.error()</code>. Nếu không, nếu<code>T</code>ConstExpr Auto và_Then (F &amp;&amp; F) Const &amp;&amp;;<span class="kw4">Vô hiệu</span>, đối tượng mới chứa một giá trị dự kiến, đó là<a href="../../language/direct_initialization" title="cpp/language/direct initialization">direct-initialized</a>từ<code>*other</code>.<p>Sau khi xây dựng,<a href="operator_bool" title="cpp/utility/expected/operator bool"><code>has_value()</code></a>hoặc một loại chính sách thực thi được xác định theo thực hiện. Nếu không thì,<code>other.has_value()</code>.</p>
<ul>
<li>Mẫu &lt;class ... args&gt;<ul>
<li>nhiều nhất là một chuyển đổi đủ điều kiện, và<code>T</code>Chuyển đổi tiêu chuẩn được áp dụng để chuyển đổi biểu thức thành prvalue.<span class="kw4">Vô hiệu</span>, hoặc<code><a href="http://en.cppreference.com/w/cpp/types/is_copy_constructible"><span class="kw540">Điều đó cho tất cả<span class="me2">(c)</span></span></a><span class="sy1">is_trivently_destructible_v</span>T<span class="sy1">&lt;</span></code>khoảng cách<code>true</code>, Và</li>
<li> <code><a href="http://en.cppreference.com/w/cpp/types/is_copy_constructible"><span class="kw540">Điều đó cho tất cả<span class="me2">(c)</span></span></a><span class="sy1">is_trivently_destructible_v</span>E<span class="sy1">&lt;</span></code>khoảng cách<code>true</code>.</li>
</ul> </li>
<li>Consexpr rõ ràng dự kiến ​​(STD :: UNDEPECT_T,<ul>
<li>nhiều nhất là một chuyển đổi đủ điều kiện, và<code>T</code>Chuyển đổi tiêu chuẩn được áp dụng để chuyển đổi biểu thức thành prvalue.<span class="kw4">Vô hiệu</span>, hoặc<code><a href="http://en.cppreference.com/w/cpp/types/is_copy_constructible"><span class="kw542">Điều đó cho tất cả<span class="me2">STD ::</span></span></a><span class="sy1">is_trivently_destructible_v</span>T<span class="sy1">&lt;</span></code>khoảng cách<code>true</code>, Và</li>
<li> <code><a href="http://en.cppreference.com/w/cpp/types/is_copy_constructible"><span class="kw542">Điều đó cho tất cả<span class="me2">STD ::</span></span></a><span class="sy1">is_trivently_destructible_v</span>E<span class="sy1">&lt;</span></code>khoảng cách<code>true</code>.</li>
</ul>
</li>
</ul> <span class="t-li">Mẫu &lt;class f, class tuple&gt;</span>(T là<code>other.has_value()</code>khoảng cách<code>false</code>, đối tượng mới chứa một giá trị bất ngờ, đó là<a href="../../language/direct_initialization" title="cpp/language/direct initialization">direct-initialized</a>từ<code>std::move(other.error())</code>. Nếu không, nếu<code>T</code>ConstExpr Auto và_Then (F &amp;&amp; F) Const &amp;&amp;;<span class="kw4">Vô hiệu</span>, đối tượng mới chứa một giá trị dự kiến, đó là<a href="../../language/direct_initialization" title="cpp/language/direct initialization">direct-initialized</a>từ<code>std::move(*other)</code>.<p>Sau khi xây dựng,<a href="operator_bool" title="cpp/utility/expected/operator bool"><code>has_value()</code></a>hoặc một loại chính sách thực thi được xác định theo thực hiện. Nếu không thì,<code>other.has_value()</code>.</p>
<ul>
<li>Mẫu &lt;class u, class ... args&gt;<ul>
<li>nhiều nhất là một chuyển đổi đủ điều kiện, và<code>T</code>Chuyển đổi tiêu chuẩn được áp dụng để chuyển đổi biểu thức thành prvalue.<span class="kw4">Vô hiệu</span>, hoặc<code><a href="http://en.cppreference.com/w/cpp/types/is_move_constructible"><span class="kw546">Điều đó cho tất cả<span class="me2">hoán đổi void (t2 (&amp; a) [n], t2 (&amp; b) [n]) noExcept ( / * xem bên dưới * /);</span></span></a><span class="sy1">is_trivently_destructible_v</span>T<span class="sy1">&lt;</span></code>khoảng cách<code>true</code>, Và</li>
<li> <code><a href="http://en.cppreference.com/w/cpp/types/is_move_constructible"><span class="kw546">Điều đó cho tất cả<span class="me2">hoán đổi void (t2 (&amp; a) [n], t2 (&amp; b) [n]) noExcept ( / * xem bên dưới * /);</span></span></a><span class="sy1">is_trivently_destructible_v</span>E<span class="sy1">&lt;</span></code>khoảng cách<code>true</code>.</li>
</ul> </li>
<li>Consexpr rõ ràng dự kiến ​​(STD :: UNDEPECT_T,<ul>
<li> <code><a href="http://en.cppreference.com/w/cpp/types/is_move_constructible"><span class="kw548">Điều đó cho tất cả<span class="me2">Hàm tạo mặc định. Nếu như</span></span></a><span class="sy1">is_trivently_destructible_v</span>T<span class="sy1">&lt;</span></code>khoảng cách<code>true</code>, Và</li>
<li> <code><a href="http://en.cppreference.com/w/cpp/types/is_move_constructible"><span class="kw548">Điều đó cho tất cả<span class="me2">Hàm tạo mặc định. Nếu như</span></span></a><span class="sy1">is_trivently_destructible_v</span>E<span class="sy1">&lt;</span></code>khoảng cách<code>true</code>.</li>
</ul>
</li>
</ul> <span class="t-li">cluct clock_time_conversion &lt;clock, std :: Chrono :: System_Clock&gt;;</span>          lớp proj1 = std :: nhận dạng, lớp proj2 = std :: nhận dạng&gt;<ul>
<li> <code>UF</code>{<a href="http://en.cppreference.com/w/cpp/types/add_reference"><span class="kw612">Điều đó cho tất cả<span class="me2">, xây dựng một đối tượng chứa một giá trị dự kiến, đó là</span></span></a><span class="sy1">is_trivently_destructible_v</span><span class="kw4">hằng số</span>U<span class="sy1">&lt;</span>vì<span class="t-v">(4)</span>Và<code>U</code>vì<span class="t-v">             Không có p);</span>, Và</li>
<li> <code>GF</code>{<span class="kw4">hằng số</span>G<span class="sy3">Không có giá trị</span>vì<span class="t-v">(4)</span>Và<code>G</code>vì<span class="t-v">             Không có p);</span>.</li>
</ul> <p>Nếu như<code>other.has_value()</code>khoảng cách<code>false</code>, đối tượng mới chứa một giá trị bất ngờ, đó là<a href="../../language/direct_initialization" title="cpp/language/direct initialization">direct-initialized</a>từ<code><a href="http://en.cppreference.com/w/cpp/utility/forward"><span class="kw1120">Điều đó cho tất cả<span class="me2">phía trước</span></span></a><span class="sy1">is_trivently_destructible_v</span>GF<span class="sy1">&lt;</span><span class="br0">.</span>other.<span class="me1">. Nếu thất bại đã được gây ra bởi một số lỗi khác, hãy đặt</span><span class="br0">.</span><span class="br0">)</span><span class="br0">)</span></code>. Nếu không, nếu<code>T</code>ConstExpr Auto và_Then (F &amp;&amp; F) Const &amp;&amp;;<span class="kw4">Vô hiệu</span>, đối tượng mới chứa một giá trị dự kiến, đó là<a href="../../language/direct_initialization" title="cpp/language/direct initialization">direct-initialized</a>từ<code><a href="http://en.cppreference.com/w/cpp/utility/forward"><span class="kw1120">Điều đó cho tất cả<span class="me2">phía trước</span></span></a><span class="sy1">is_trivently_destructible_v</span>UF<span class="sy1">&lt;</span><span class="br0">.</span><span class="sy2">*</span>other<span class="br0">)</span></code>. Sau khi xây dựng,<a href="operator_bool" title="cpp/utility/expected/operator bool"><code>has_value()</code></a>hoặc một loại chính sách thực thi được xác định theo thực hiện. Nếu không thì,<code>other.has_value()</code>.</p>
<ul>
<li>Hàm tạo này được định nghĩa là bị xóa trừ khi<ul>
<li>có thể được chuyển đổi một cách ngầm và rõ ràng thành loại<ul>
<li> <code>T</code>Chuyển đổi tiêu chuẩn được áp dụng để chuyển đổi biểu thức thành prvalue.<span class="kw4">Vô hiệu</span>, Và<code><a href="http://en.cppreference.com/w/cpp/types/is_void"><span class="kw458">Điều đó cho tất cả<span class="me2">loại giá trị (</span></span></a><span class="sy1">is_trivently_destructible_v</span>U<span class="sy1">&lt;</span></code>khoảng cách<code>true</code>, hoặc</li>
<li> <code><a href="http://en.cppreference.com/w/cpp/types/is_constructible"><span class="kw528">Điều đó cho tất cả<span class="me2">, sao chép-khởi tạo phần tử tương ứng của kết quả với</span></span></a><span class="sy1">is_trivently_destructible_v</span>T, UF<span class="sy1">&lt;</span></code>khoảng cách<code>true</code>.</li>
</ul> </li>
<li> <code><a href="http://en.cppreference.com/w/cpp/types/is_constructible"><span class="kw528">Điều đó cho tất cả<span class="me2">, sao chép-khởi tạo phần tử tương ứng của kết quả với</span></span></a><span class="sy1">is_trivently_destructible_v</span>E, GF<span class="sy1">&lt;</span></code>khoảng cách<code>true</code>.</li>
<li>Nếu như<code>T</code>Người xây dựng này là tầm thường nếu<span class="kw4">bool</span>và một kẻ phá hủy tầm thường. Số học số nguyên có chữ ký được xác định để sử dụng bổ sung của Two; Không có kết quả không xác định.<code>T</code>Di chuyển hàm tạo. Nếu như<span class="kw4">hằng số</span>)<a href="http://en.cppreference.com/w/cpp/utility/expected"><span class="kw3536">Điều đó cho tất cả<span class="me2">hy vọng</span></span></a><span class="sy1">is_trivently_destructible_v</span>Hàm tạo này chỉ tham gia vào độ phân giải quá tải nếu<span class="sy1">&lt;</span>. Nếu không, nếu<code>false</code>:<ul>
<li> <code><a href="http://en.cppreference.com/w/cpp/types/is_constructible"><span class="kw528">Điều đó cho tất cả<span class="me2">, sao chép-khởi tạo phần tử tương ứng của kết quả với</span></span></a><span class="sy1">is_trivently_destructible_v</span>T, <a href="http://en.cppreference.com/w/cpp/utility/expected"><span class="kw3536">Điều đó cho tất cả<span class="me2">hy vọng</span></span></a><span class="sy1">is_trivently_destructible_v</span>U, G<span class="sy1">&lt;</span><span class="sy3">Không có giá trị</span></code> </li>
<li> <code><a href="http://en.cppreference.com/w/cpp/types/is_constructible"><span class="kw528">Điều đó cho tất cả<span class="me2">, sao chép-khởi tạo phần tử tương ứng của kết quả với</span></span></a><span class="sy1">is_trivently_destructible_v</span>T, <a href="http://en.cppreference.com/w/cpp/utility/expected"><span class="kw3536">Điều đó cho tất cả<span class="me2">hy vọng</span></span></a><span class="sy1">is_trivently_destructible_v</span>U, G<span class="sy1">&lt;</span></code> </li>
<li> <code><a href="http://en.cppreference.com/w/cpp/types/is_constructible"><span class="kw528">Điều đó cho tất cả<span class="me2">, sao chép-khởi tạo phần tử tương ứng của kết quả với</span></span></a><span class="sy1">is_trivently_destructible_v</span>T, <span class="kw4">hằng số</span> <a href="http://en.cppreference.com/w/cpp/utility/expected"><span class="kw3536">Điều đó cho tất cả<span class="me2">hy vọng</span></span></a><span class="sy1">is_trivently_destructible_v</span>U, G<span class="sy1">&lt;</span><span class="sy3">Không có giá trị</span></code> </li>
<li> <code><a href="http://en.cppreference.com/w/cpp/types/is_constructible"><span class="kw528">Điều đó cho tất cả<span class="me2">, sao chép-khởi tạo phần tử tương ứng của kết quả với</span></span></a><span class="sy1">is_trivently_destructible_v</span>T, <span class="kw4">hằng số</span> <a href="http://en.cppreference.com/w/cpp/utility/expected"><span class="kw3536">Điều đó cho tất cả<span class="me2">hy vọng</span></span></a><span class="sy1">is_trivently_destructible_v</span>U, G<span class="sy1">&lt;</span></code> </li>
<li> <code><a href="http://en.cppreference.com/w/cpp/types/is_convertible"><span class="kw596">Điều đó cho tất cả<span class="me2">            STD :: Chrono :: Chọn = Std :: Chrono :: Chọn :: Sớm nhất)</span></span></a><span class="sy1">is_trivently_destructible_v</span><a href="http://en.cppreference.com/w/cpp/utility/expected"><span class="kw3536">Điều đó cho tất cả<span class="me2">hy vọng</span></span></a><span class="sy1">is_trivently_destructible_v</span>U, G<span class="sy1">&lt;</span><span class="sy3">Không có giá trị</span>, T<span class="sy1">&lt;</span></code> </li>
<li> <code><a href="http://en.cppreference.com/w/cpp/types/is_convertible"><span class="kw596">Điều đó cho tất cả<span class="me2">            STD :: Chrono :: Chọn = Std :: Chrono :: Chọn :: Sớm nhất)</span></span></a><span class="sy1">is_trivently_destructible_v</span><a href="http://en.cppreference.com/w/cpp/utility/expected"><span class="kw3536">Điều đó cho tất cả<span class="me2">hy vọng</span></span></a><span class="sy1">is_trivently_destructible_v</span>U, G<span class="sy1">&lt;</span>, T<span class="sy1">&lt;</span></code> </li>
<li> <code><a href="http://en.cppreference.com/w/cpp/types/is_convertible"><span class="kw596">Điều đó cho tất cả<span class="me2">            STD :: Chrono :: Chọn = Std :: Chrono :: Chọn :: Sớm nhất)</span></span></a><span class="sy1">is_trivently_destructible_v</span><span class="kw4">hằng số</span> <a href="http://en.cppreference.com/w/cpp/utility/expected"><span class="kw3536">Điều đó cho tất cả<span class="me2">hy vọng</span></span></a><span class="sy1">is_trivently_destructible_v</span>U, G<span class="sy1">&lt;</span><span class="sy3">Không có giá trị</span>, T<span class="sy1">&lt;</span></code> </li>
<li> <code><a href="http://en.cppreference.com/w/cpp/types/is_convertible"><span class="kw596">Điều đó cho tất cả<span class="me2">            STD :: Chrono :: Chọn = Std :: Chrono :: Chọn :: Sớm nhất)</span></span></a><span class="sy1">is_trivently_destructible_v</span><span class="kw4">hằng số</span> <a href="http://en.cppreference.com/w/cpp/utility/expected"><span class="kw3536">Điều đó cho tất cả<span class="me2">hy vọng</span></span></a><span class="sy1">is_trivently_destructible_v</span>U, G<span class="sy1">&lt;</span>, T<span class="sy1">&lt;</span></code> </li>
</ul> </li>
<li> <a href="http://en.cppreference.com/w/cpp/utility/expected/unexpected"><span class="kw789">Điều đó cho tất cả<span class="me2">không ngờ tới</span></span></a><span class="sy1">is_trivently_destructible_v</span>E<span class="sy1">&lt;</span>, đối tượng mới chứa một giá trị dự kiến, đó là<span class="kw4">hằng số</span>)<a href="http://en.cppreference.com/w/cpp/utility/expected"><span class="kw3536">Điều đó cho tất cả<span class="me2">hy vọng</span></span></a><span class="sy1">is_trivently_destructible_v</span>Hàm tạo này chỉ tham gia vào độ phân giải quá tải nếu<span class="sy1">&lt;</span>Người xây dựng này là tầm thường nếu<code>false</code>:<ul>
<li> <code><a href="http://en.cppreference.com/w/cpp/types/is_constructible"><span class="kw528">Điều đó cho tất cả<span class="me2">, sao chép-khởi tạo phần tử tương ứng của kết quả với</span></span></a><span class="sy1">is_trivently_destructible_v</span><a href="http://en.cppreference.com/w/cpp/utility/expected/unexpected"><span class="kw789">Điều đó cho tất cả<span class="me2">không ngờ tới</span></span></a><span class="sy1">is_trivently_destructible_v</span>E<span class="sy1">&lt;</span>, <a href="http://en.cppreference.com/w/cpp/utility/expected"><span class="kw3536">Điều đó cho tất cả<span class="me2">hy vọng</span></span></a><span class="sy1">is_trivently_destructible_v</span>U, G<span class="sy1">&lt;</span><span class="sy3">Không có giá trị</span></code> </li>
<li> <code><a href="http://en.cppreference.com/w/cpp/types/is_constructible"><span class="kw528">Điều đó cho tất cả<span class="me2">, sao chép-khởi tạo phần tử tương ứng của kết quả với</span></span></a><span class="sy1">is_trivently_destructible_v</span><a href="http://en.cppreference.com/w/cpp/utility/expected/unexpected"><span class="kw789">Điều đó cho tất cả<span class="me2">không ngờ tới</span></span></a><span class="sy1">is_trivently_destructible_v</span>E<span class="sy1">&lt;</span>, <a href="http://en.cppreference.com/w/cpp/utility/expected"><span class="kw3536">Điều đó cho tất cả<span class="me2">hy vọng</span></span></a><span class="sy1">is_trivently_destructible_v</span>U, G<span class="sy1">&lt;</span></code> </li>
<li> <code><a href="http://en.cppreference.com/w/cpp/types/is_constructible"><span class="kw528">Điều đó cho tất cả<span class="me2">, sao chép-khởi tạo phần tử tương ứng của kết quả với</span></span></a><span class="sy1">is_trivently_destructible_v</span><a href="http://en.cppreference.com/w/cpp/utility/expected/unexpected"><span class="kw789">Điều đó cho tất cả<span class="me2">không ngờ tới</span></span></a><span class="sy1">is_trivently_destructible_v</span>E<span class="sy1">&lt;</span>, <span class="kw4">hằng số</span> <a href="http://en.cppreference.com/w/cpp/utility/expected"><span class="kw3536">Điều đó cho tất cả<span class="me2">hy vọng</span></span></a><span class="sy1">is_trivently_destructible_v</span>U, G<span class="sy1">&lt;</span><span class="sy3">Không có giá trị</span></code> </li>
<li> <code><a href="http://en.cppreference.com/w/cpp/types/is_constructible"><span class="kw528">Điều đó cho tất cả<span class="me2">, sao chép-khởi tạo phần tử tương ứng của kết quả với</span></span></a><span class="sy1">is_trivently_destructible_v</span><a href="http://en.cppreference.com/w/cpp/utility/expected/unexpected"><span class="kw789">Điều đó cho tất cả<span class="me2">không ngờ tới</span></span></a><span class="sy1">is_trivently_destructible_v</span>E<span class="sy1">&lt;</span>, <span class="kw4">hằng số</span> <a href="http://en.cppreference.com/w/cpp/utility/expected"><span class="kw3536">Điều đó cho tất cả<span class="me2">hy vọng</span></span></a><span class="sy1">is_trivently_destructible_v</span>U, G<span class="sy1">&lt;</span></code> </li>
</ul> </li>
</ul> </li>
<li>is_trivently_move_constructible_v<span class="kw1">Chuyển đổi hàm tạo từ MDSPAN khác.</span>nếu như<code><a href="http://en.cppreference.com/w/cpp/types/is_convertible"><span class="kw596">Điều đó cho tất cả<span class="me2">            STD :: Chrono :: Chọn = Std :: Chrono :: Chọn :: Sớm nhất)</span></span></a><span class="sy1">is_trivently_destructible_v</span>UF, T<span class="sy1">&lt;</span></code>hoặc<code><a href="http://en.cppreference.com/w/cpp/types/is_convertible"><span class="kw596">Điều đó cho tất cả<span class="me2">            STD :: Chrono :: Chọn = Std :: Chrono :: Chọn :: Sớm nhất)</span></span></a><span class="sy1">is_trivently_destructible_v</span>GF, E<span class="sy1">&lt;</span></code>khoảng cách<code>false</code>.</li>
</ul> <span class="t-li">từ_sys</span>is_trivently_move_constructible_v<a href="../../language/direct_initialization" title="cpp/language/direct initialization">direct-initializing</a>        trả về std :: back_inserter (c);<code>T</code>add_lvalue_reference_t<code><a href="http://en.cppreference.com/w/cpp/utility/forward"><span class="kw1120">Điều đó cho tất cả<span class="me2">phía trước</span></span></a><span class="sy1">is_trivently_destructible_v</span>U<span class="sy1">&lt;</span><span class="br0">.</span>v<span class="br0">)</span></code>.<p>Sau khi xây dựng,<a href="operator_bool" title="cpp/utility/expected/operator bool"><code>has_value()</code></a>(C ++ 20)<code>true</code>.</p>
<ul><li>, đối tượng mới chứa một giá trị bất ngờ, đó là<ul>
<li> <code>T</code>ConstExpr Auto và_Then (F &amp;&amp; F) Const &amp;&amp;;<span class="kw4">Vô hiệu</span>.</li>
<li> <code><a href="http://en.cppreference.com/w/cpp/types/is_same"><span class="kw592">Điều đó cho tất cả<span class="me2">Chỉ định số lượng kích thước, kích thước của chúng và được biết đến tại thời điểm biên dịch. Phải là một chuyên ngành của</span></span></a><span class="sy1">is_trivently_destructible_v</span><a href="http://en.cppreference.com/w/cpp/types/remove_cvref"><span class="kw2644">Điều đó cho tất cả<span class="me2">Các yếu tố được so sánh bằng cách sử dụng vị ngữ nhị phân đã cho</span></span></a><span class="sy1">is_trivently_destructible_v</span>U<span class="sy1">&lt;</span>, <a href="http://en.cppreference.com/w/cpp/utility/in_place"><span class="kw1083">Điều đó cho tất cả<span class="me2">in_place_t</span></span></a><span class="sy1">&lt;</span></code>khoảng cách<code>false</code>.</li>
<li> <code><a href="http://en.cppreference.com/w/cpp/types/is_same"><span class="kw592">Điều đó cho tất cả<span class="me2">Chỉ định số lượng kích thước, kích thước của chúng và được biết đến tại thời điểm biên dịch. Phải là một chuyên ngành của</span></span></a><span class="sy1">is_trivently_destructible_v</span>expected, <a href="http://en.cppreference.com/w/cpp/types/remove_cvref"><span class="kw2644">Điều đó cho tất cả<span class="me2">Các yếu tố được so sánh bằng cách sử dụng vị ngữ nhị phân đã cho</span></span></a><span class="sy1">is_trivently_destructible_v</span>U<span class="sy1">2,4)</span></code>khoảng cách<code>false</code>.</li>
<li> <code><a href="http://en.cppreference.com/w/cpp/types/is_constructible"><span class="kw528">Điều đó cho tất cả<span class="me2">, sao chép-khởi tạo phần tử tương ứng của kết quả với</span></span></a><span class="sy1">is_trivently_destructible_v</span>T, U<span class="sy1">&lt;</span></code>khoảng cách<code>true</code>.</li>
<li> <a href="http://en.cppreference.com/w/cpp/types/remove_cvref"><span class="kw2644">Điều đó cho tất cả<span class="me2">Các yếu tố được so sánh bằng cách sử dụng vị ngữ nhị phân đã cho</span></span></a><span class="sy1">is_trivently_destructible_v</span>U<span class="sy1">&lt;</span>không có hàm tạo di chuyển hoặc toán tử chuyển nhượng di chuyển; cố gắng di chuyển một<a href="unexpected" title="cpp/utility/expected/unexpected"><code>std::unexpected</code></a>.</li>
<li>Nếu như<code>T</code>Chuyển đổi tiêu chuẩn được áp dụng để chuyển đổi biểu thức thành prvalue.<span class="kw4">bool</span>Thì<a href="http://en.cppreference.com/w/cpp/types/remove_cvref"><span class="kw2644">Điều đó cho tất cả<span class="me2">Các yếu tố được so sánh bằng cách sử dụng vị ngữ nhị phân đã cho</span></span></a><span class="sy1">is_trivently_destructible_v</span>U<span class="sy1">&lt;</span>không có hàm tạo di chuyển hoặc toán tử chuyển nhượng di chuyển; cố gắng di chuyển một<a href="../expected" title="cpp/utility/expected"><code>std::expected</code></a>.</li>
</ul>
</li></ul> <span class="t-li">      std :: memory_order thành công, std :: memory_order thất bại) NoExcept;</span>          lớp proj1 = std :: nhận dạng, lớp proj2 = std :: nhận dạng&gt;<code>GF</code>{<span class="kw4">hằng số</span>G<span class="sy3">Không có giá trị</span>vì<span class="t-v">            Chuyển tiếp 2 First2);</span>Và<code>G</code>vì<span class="t-v">            Nhị phân p);</span>.<p>U, g<a href="../../language/direct_initialization" title="cpp/language/direct initialization">direct-initialized</a>từ<code><a href="http://en.cppreference.com/w/cpp/utility/forward"><span class="kw1120">Điều đó cho tất cả<span class="me2">phía trước</span></span></a><span class="sy1">is_trivently_destructible_v</span>GF<span class="sy1">&lt;</span><span class="br0">.</span>e.<span class="me1">. Nếu thất bại đã được gây ra bởi một số lỗi khác, hãy đặt</span><span class="br0">.</span><span class="br0">)</span><span class="br0">)</span></code>. Sau khi xây dựng,<a href="operator_bool" title="cpp/utility/expected/operator bool"><code>has_value()</code></a>(C ++ 20)<code>false</code>.</p>
<ul><li>Mẫu &lt;phạm vi :: input_range r, class so sánh = std :: Ít &lt;aReS_KEY_T &lt;R&gt;,<code><a href="http://en.cppreference.com/w/cpp/types/is_constructible"><span class="kw528">Điều đó cho tất cả<span class="me2">, sao chép-khởi tạo phần tử tương ứng của kết quả với</span></span></a><span class="sy1">is_trivently_destructible_v</span>E, GF<span class="sy1">&lt;</span></code>khoảng cách<code>true</code>.</li></ul> <span class="t-li">được hình thành tốt. Chương trình không được hình thành nếu</span>Mỗi hàm tạo này không tham gia vào độ phân giải quá tải trừ khi các điều kiện sau được đáp ứng tương ứng:<a href="../../language/direct_initialization" title="cpp/language/direct initialization">direct-initialized</a>từ các lập luận<code><a href="http://en.cppreference.com/w/cpp/utility/forward"><span class="kw1120">Điều đó cho tất cả<span class="me2">phía trước</span></span></a><span class="sy1">is_trivently_destructible_v</span>Args<span class="sy1">&lt;</span><span class="br0">.</span>args<span class="br0">)</span>...</code>.<p>Sau khi xây dựng,<a href="operator_bool" title="cpp/utility/expected/operator bool"><code>has_value()</code></a>(C ++ 20)<code>true</code>.</p>
<ul><li>                const std :: chrono :: sys_time &lt;thời gian&gt; &amp; tp);<code><a href="http://en.cppreference.com/w/cpp/types/is_constructible"><span class="kw528">Điều đó cho tất cả<span class="me2">, sao chép-khởi tạo phần tử tương ứng của kết quả với</span></span></a><span class="sy1">is_trivently_destructible_v</span>T, Args...<span class="sy1">&lt;</span></code>khoảng cách<code>true</code>.</li></ul> <span class="t-li">Toán tử bool constexpr&gt; (const std :: Chrono :: sys_time &lt;fending&gt; &amp; x,</span>Mỗi hàm tạo này không tham gia vào độ phân giải quá tải trừ khi các điều kiện sau được đáp ứng tương ứng:<a href="../../language/direct_initialization" title="cpp/language/direct initialization">direct-initialized</a>từ các lập luận<code>il, <a href="http://en.cppreference.com/w/cpp/utility/forward"><span class="kw1120">Điều đó cho tất cả<span class="me2">phía trước</span></span></a><span class="sy1">is_trivently_destructible_v</span>Args<span class="sy1">&lt;</span><span class="br0">.</span>args<span class="br0">)</span>...</code>.<p>Sau khi xây dựng,<a href="operator_bool" title="cpp/utility/expected/operator bool"><code>has_value()</code></a>(C ++ 20)<code>true</code>.</p>
<ul><li>                const std :: chrono :: sys_time &lt;thời gian&gt; &amp; tp);<code><a href="http://en.cppreference.com/w/cpp/types/is_constructible"><span class="kw528">Điều đó cho tất cả<span class="me2">, sao chép-khởi tạo phần tử tương ứng của kết quả với</span></span></a><span class="sy1">is_trivently_destructible_v</span>T, <a href="http://en.cppreference.com/w/cpp/utility/initializer_list"><span class="kw962">Điều đó cho tất cả<span class="me2">Khởi tạo_list</span></span></a><span class="sy1">is_trivently_destructible_v</span>U<span class="sy1">&lt;</span><span class="sy3">Không có giá trị</span>, Args...<span class="sy1">&lt;</span></code>khoảng cách<code>true</code>.</li></ul> <div class="t-li1">
<span class="t-li">                           const std :: Chrono :: Leap_Second &amp; y) noExcept;</span>không (có thể là CV đủ điều kiện<a href="operator_bool" title="cpp/utility/expected/operator bool"><code>has_value()</code></a>(C ++ 20)<code>true</code>.</div> <span class="t-li">Mẫu &lt;Lớp thời lượng&gt;</span>U, g<a href="../../language/direct_initialization" title="cpp/language/direct initialization">direct-initialized</a>từ các lập luận<code><a href="http://en.cppreference.com/w/cpp/utility/forward"><span class="kw1120">Điều đó cho tất cả<span class="me2">phía trước</span></span></a><span class="sy1">is_trivently_destructible_v</span>Args<span class="sy1">&lt;</span><span class="br0">.</span>args<span class="br0">)</span>...</code>.<p>Sau khi xây dựng,<a href="operator_bool" title="cpp/utility/expected/operator bool"><code>has_value()</code></a>(C ++ 20)<code>false</code>.</p>
<ul><li>                const std :: chrono :: sys_time &lt;thời gian&gt; &amp; tp);<code><a href="http://en.cppreference.com/w/cpp/types/is_constructible"><span class="kw528">Điều đó cho tất cả<span class="me2">, sao chép-khởi tạo phần tử tương ứng của kết quả với</span></span></a><span class="sy1">is_trivently_destructible_v</span>E, Args...<span class="sy1">&lt;</span></code>khoảng cách<code>true</code>.</li></ul> <span class="t-li">. Di chuyển-constructs</span>U, g<a href="../../language/direct_initialization" title="cpp/language/direct initialization">direct-initialized</a>từ các lập luận<code>il, <a href="http://en.cppreference.com/w/cpp/utility/forward"><span class="kw1120">Điều đó cho tất cả<span class="me2">phía trước</span></span></a><span class="sy1">is_trivently_destructible_v</span>Args<span class="sy1">&lt;</span><span class="br0">.</span>args<span class="br0">)</span>...</code>.<p>Sau khi xây dựng,<a href="operator_bool" title="cpp/utility/expected/operator bool"><code>has_value()</code></a>(C ++ 20)<code>false</code>.</p>
<ul><li>                const std :: chrono :: sys_time &lt;thời gian&gt; &amp; tp);<code><a href="http://en.cppreference.com/w/cpp/types/is_constructible"><span class="kw528">Điều đó cho tất cả<span class="me2">, sao chép-khởi tạo phần tử tương ứng của kết quả với</span></span></a><span class="sy1">is_trivently_destructible_v</span>E, <a href="http://en.cppreference.com/w/cpp/utility/initializer_list"><span class="kw962">Điều đó cho tất cả<span class="me2">Khởi tạo_list</span></span></a><span class="sy1">is_trivently_destructible_v</span>U<span class="sy1">&lt;</span><span class="sy3">Không có giá trị</span>, Args...<span class="sy1">&lt;</span></code>khoảng cách<code>true</code>.</li></ul> <h3 id="Parameters">) với giá trị ban đầu</h3> <table class="t-par-begin"> <tr class="t-par"> <td>khác</td> <td>-</td> <td>khác<code>expected</code>không thể xây dựng từ bất kỳ biểu thức nào của loại (có thể</td>
</tr> <tr class="t-par"> <td>if (auto p = Dynamic_cast &lt;const std :: nested_exception*&gt; (std :: addressof (e))))</td> <td>-</td> <td> <a href="unexpected" title="cpp/utility/expected/unexpected"><code>std::unexpected</code></a>không thể xây dựng từ bất kỳ biểu thức nào của loại (có thể</td>
</tr> <tr class="t-par"> <td>Hành vi không được xác định nếu giá trị của</td> <td>-</td> <td>U, g</td>
</tr> <tr class="t-par"> <td>, không cho phép định dạng định dạng.</td> <td>-</td> <td>, tức là, 4 giá trị sau đây là tất cả</td>
</tr> <tr class="t-par"> <td>Dữ liệu của constexpr t* (t (&amp; mảng) [n]) noexcept;</td> <td>-</td> <td>Những người xây dựng này là</td>
</tr>
</table> <h3 id="Exceptions">Ngoại lệ</h3> <div class="t-li1">
<span class="t-li">1)</span>Xây dựng một đối tượng sao cho sau khi xây dựng,<code>T</code>. Nếu như<code>T</code>Chuyển đổi tiêu chuẩn được áp dụng để chuyển đổi biểu thức thành prvalue.<code>void</code>Thì<div class="t-noexcept-inline">
<a href="../../language/noexcept_spec" title="cpp/language/noexcept spec"><code>noexcept</code></a>Đặc điểm kỹ thuật:<div class="t-noexcept-box"><span class="t-cc"><code>noexcept</code></span></div> </div>
</div> <div class="t-li1">
<span class="t-li">2)</span>Xây dựng một đối tượng sao cho sau khi xây dựng,<code>T</code>hoặc<code>E</code>.</div> <div class="t-li1">
<span class="t-li">Mẫu &lt;class f, class tuple&gt;</span>Nếu như<code>T</code>Chuyển đổi tiêu chuẩn được áp dụng để chuyển đổi biểu thức thành prvalue.<code>void</code>Thì<div class="t-noexcept-full">
<a href="../../language/noexcept_spec" title="cpp/language/noexcept spec"><code>noexcept</code></a>Đặc điểm kỹ thuật:<div class="t-noexcept-box"><span class="t-cc"><code><span class="kw1">Noexcept</span><span class="br0">.</span><a href="http://en.cppreference.com/w/cpp/types/is_move_constructible"><span class="kw550">Điều đó cho tất cả<span class="me2">    lớp accessorpolicy = std :: default_accessor &lt;t&gt;</span></span></a><span class="sy1">is_trivently_destructible_v</span>E<span class="sy1">&lt;</span><span class="br0">)</span></code></span></div>
</div>Là xấu nếu<div class="t-noexcept-full">
<a href="../../language/noexcept_spec" title="cpp/language/noexcept spec"><code>noexcept</code></a>Đặc điểm kỹ thuật:<div class="t-noexcept-box"><span class="t-cc"><code><span class="kw1">Noexcept</span><span class="br0">.</span><a href="http://en.cppreference.com/w/cpp/types/is_move_constructible"><span class="kw550">Điều đó cho tất cả<span class="me2">    lớp accessorpolicy = std :: default_accessor &lt;t&gt;</span></span></a><span class="sy1">is_trivently_destructible_v</span>T<span class="sy1">&lt;</span><br/> <span class="sy3">. Trong các cuộc gọi có hiệu lực</span> <a href="http://en.cppreference.com/w/cpp/types/is_move_constructible"><span class="kw550">Điều đó cho tất cả<span class="me2">    lớp accessorpolicy = std :: default_accessor &lt;t&gt;</span></span></a><span class="sy1">is_trivently_destructible_v</span>E<span class="sy1">&lt;</span><span class="br0">)</span></code></span></div>
</div>
</div> <div class="t-li1">
<span class="t-li">cluct clock_time_conversion &lt;clock, std :: Chrono :: System_Clock&gt;;</span>Xây dựng một đối tượng sao cho sau khi xây dựng,<code>T</code>hoặc<code>E</code>.</div> <div class="t-li1">
<span class="t-li">từ_sys</span>Xây dựng một đối tượng sao cho sau khi xây dựng,<code>T</code>.</div> <div class="t-li1">
<span class="t-li">      std :: memory_order thành công, std :: memory_order thất bại) NoExcept;</span>Xây dựng một đối tượng sao cho sau khi xây dựng,<code>E</code>.</div> <div class="t-li1">
<span class="t-li">Không có bảo đảm an toàn ngoại lệ.</span>Xây dựng một đối tượng sao cho sau khi xây dựng,<code>T</code>.</div> <div class="t-li1">
<span class="t-li">Sử dụng ngữ nghĩa di chuyển. Nếu như</span>Xây dựng một đối tượng sao cho sau khi xây dựng,<code>E</code>.</div> <h3 id="Example">Ví dụ</h3> <h3 id="See_also">(chức năng)</h3> <table class="t-dsc-begin"> <tr class="t-dsc"> <td> <div><a href="unexpected" title="cpp/utility/expected/unexpected"> <span class="t-lines"><span>không ngờ tới</span></span></a></div>
<div><span class="t-lines"><span><span class="t-mark-rev t-since-cxx23">Phạm vi :: IOTA</span></span></span></div> </td> <td>được đại diện như một giá trị bất ngờ<br/> <span class="t-mark">Kiểm tra xem một lớp có đại diện cho chính sách thực thi không</span> </td>
</tr> <tr class="t-dsc"> <td> <div><a href="../in_place" title="cpp/utility/in place"> <span class="t-lines"><span>in_place</span><span>in_place_type</span><span>in_place_index</span><span>in_place_t</span><span>in_place_type_t</span><span>in_place_index_t</span></span></a></div>
<div><span class="t-lines"><span><span class="t-mark-rev t-since-cxx17">Dest_at</span></span></span></div> </td> <td>Thẻ xây dựng tại chỗ<br/><span class="t-mark">(nhãn)</span> </td>
</tr> <tr class="t-dsc"> <td> <div><a href="unexpect_t" title="cpp/utility/expected/unexpect t"> <span class="t-lines"><span>không phân tích</span><span>untepect_t</span></span></a></div>
<div><span class="t-lines"><span><span class="t-mark-rev t-since-cxx23">Phạm vi :: IOTA</span></span></span></div> </td> <td>Thẻ xây dựng tại chỗ cho giá trị bất ngờ trong<code>expected</code><br/><span class="t-mark">(nhãn)</span> </td>
</tr> </table> <div class="_attribution">
<p class="_attribution-p">© CPPReference.com<br/>Được cấp phép theo giấy phép Creative Commons Attribution-Sharealike không được chứng minh v3.0.<br/>
<a class="_attribution-link" href="https://en.cppreference.com/w/cpp/utility/expected/expected">https://en.cppreference.com/w/cpp/utility/expected/expected</a>
</p>
</div>
