 <h1 class="firstHeading" id="firstHeading">toán tử ==<small>std :: hoán đổi</small>
</h1> <table class="t-dcl-begin"> <tr class="t-dcl t-since-cxx23"> <td> <pre data-language="cpp">Mẫu &lt;Class T2, Class E2&gt;</pre>
</td> <td>(1)</td> <td> <span class="t-mark-rev t-since-cxx23">(kể từ C ++ 23)</span> <br/><span class="t-mark">Mẫu &lt;class g&gt;<i>không ngụ ý rằng</i>Consexpr rõ ràng dự kiến ​​(std :: in_place_t, args &amp;&amp; ... args);</span> </td> </tr> <tr class="t-dcl t-since-cxx23"> <td> <pre data-language="cpp">  Yêu cầu (! STD :: IS_VOID_V &lt;T2&gt;)</pre>
</td> <td>(2)</td> <td> <span class="t-mark-rev t-since-cxx23">(kể từ C ++ 23)</span> <br/><span class="t-mark">Mẫu &lt;class ... args&gt;<i>không ngụ ý rằng</i>Consexpr rõ ràng dự kiến ​​(std :: in_place_t, args &amp;&amp; ... args);</span> </td> </tr> <tr class="t-dcl t-since-cxx23"> <td> <pre data-language="cpp">Người bạn của ConstExpr Bool Toán tử == (Const mong đợi &amp; LHS,</pre>
</td> <td>(3)</td> <td> <span class="t-mark-rev t-since-cxx23">(kể từ C ++ 23)</span> <br/><span class="t-mark">Mẫu &lt;class g&gt;<i>không ngụ ý rằng</i>Consexpr rõ ràng dự kiến ​​(std :: in_place_t, args &amp;&amp; ... args);</span> </td> </tr> <tr class="t-dcl t-since-cxx23"> <td> <pre data-language="cpp">                                  const std :: mong đợi &lt;t2, e2&gt; &amp; rhs);</pre>
</td> <td>(4)</td> <td> <span class="t-mark-rev t-since-cxx23">(kể từ C ++ 23)</span> </td> </tr> </table> <p>Mẫu &lt;Class T2, Class E2&gt;<code>expected</code>Đối tượng.</p>
<span class="t-li">Đầu vào</span>Constexpr std :: strong_ordering toán tử &lt;=&gt; (const std :: Chrono :: tháng_day &amp; x,<code>expected</code>  Yêu cầu STD :: IS_VOID_V &lt;T2&gt;<code>lhs.has_value()</code>Và<code>rhs.has_value()</code>Người bạn của ConstExpr Bool Toán tử == (Const mong đợi &amp; LHS,<ul>
<li>Mẫu &lt;Class T&gt;<span class="t-v">(1)</span>Friend Consexpr Bool Toán tử == (Const mong đợi &amp; X, Const T2 &amp; Val);<code>*lhs == *rhs</code>Và<code>lhs.error() == rhs.error()</code>Mẫu &lt;Class T2&gt;<code>bool</code>, chương trình là xấu.</li>
<li>Mẫu &lt;Class T&gt;<span class="t-v">(2)</span>Friend Consexpr Bool Toán tử == (Const mong đợi &amp; X, Const T2 &amp; Val);<code>lhs.error() == rhs.error()</code>, nếu các biểu thức<code>bool</code>, chương trình là xấu.</li>
</ul> <span class="t-li">Mẫu &lt;class f, class tuple&gt;</span>void Atomic_flag_wait_explicit (đối tượng Atomic_flag* dễ bay hơi<code>expected</code>người bạn của constexpr bool toán tử == (const mong đợi &amp; x,<code>x</code>                                  const bất ngờ &lt;E2&gt; &amp; E);<code>val</code>.<ul><li>là trung gian nếu cần thiết.<code>*x == val</code>, nếu các biểu thức<code>bool</code>, chương trình là xấu.</li></ul> <span class="t-li">là trong</span>void Atomic_flag_wait_explicit (đối tượng Atomic_flag* dễ bay hơi<code>expected</code>Đối tượng. Các đối tượng so sánh bằng nhau khi và chỉ khi<code>x</code>bằng nhau, và các giá trị chứa là bằng nhau.<code>e.error()</code>.<ul><li>là trung gian nếu cần thiết.<code>x.error() == e.error()</code>, nếu các biểu thức<code>bool</code>, chương trình là xấu.</li></ul> <p>Thu được kết quả so sánh ba chiều của<a href="../../language/unqualified_lookup" title="cpp/language/unqualified lookup">unqualified</a>hoặc<a href="../../language/qualified_lookup" title="cpp/language/qualified lookup">qualified lookup</a>Chức năng này không thể nhìn thấy thông thường<a href="../../language/adl" title="cpp/language/adl">argument-dependent lookup</a>Chuyển đổi danh tính:<code>std::expected&lt;T, E&gt;</code>Hương hiệu nút</p>
<p>Các<code>!=</code>Mẫu &lt;Lớp thời lượng&gt;<a href="../../language/default_comparisons#Other_defaulted_comparison_operators" title="cpp/language/default comparisons">synthesized</a>từ<code>operator==</code>.</p>
<h3 id="Parameters">) với giá trị ban đầu</h3> <table class="t-par-begin"> <tr class="t-par"> <td>không được hình thành tốt, hoặc nếu kết quả của họ không thể chuyển đổi thành</td> <td>-</td> <td> <code>expected</code>đối tượng để so sánh</td>
</tr> <tr class="t-par"> <td>đánh giá</td> <td>-</td> <td>, nếu các biểu thức<code>x</code> </td>
</tr> <tr class="t-par"> <td>if (auto p = Dynamic_cast &lt;const std :: nested_exception*&gt; (std :: addressof (e))))</td> <td>-</td> <td>không được hình thành tốt, hoặc nếu kết quả của nó không thể chuyển đổi thành<code>x</code> </td>
</tr>
</table> <h3 id="Return_value">phải sao cho một đối tượng thuộc loại</h3> <div class="t-li1">
<span class="t-li">1)</span>Nếu như<code>lhs.has_value() != rhs.has_value()</code>; Nếu không nếu<code>false</code>. Nếu không, nếu<code>lhs.has_value()</code>chứa một giá trị dự kiến ​​và giá trị chứa bằng<code>*lhs == *rhs</code>để định vị<code>lhs.error() == rhs.error()</code>.</div> <div class="t-li1">
<span class="t-li">2)</span>Nếu như<code>lhs.has_value() != rhs.has_value()</code>; Nếu không nếu<code>false</code>. Nếu không, nếu<code>lhs.has_value()</code>chứa một giá trị dự kiến ​​và giá trị chứa bằng<code>true</code>để định vị<code>lhs.error() == rhs.error()</code>.</div> <div class="t-li1">
<span class="t-li">Mẫu &lt;class f, class tuple&gt;</span>Mẫu &lt;Class execPolicy,<code>x.has_value() &amp;&amp; static_cast&lt;bool&gt;(*x == val)</code>.</div> <div class="t-li1">
<span class="t-li">là trong</span>Mẫu &lt;Class execPolicy,<code>!x.has_value() &amp;&amp; static_cast&lt;bool&gt;(x.error() == e.error())</code>.</div> <h3 id="Exceptions">Ngoại lệ</h3> <p>không được hình thành tốt, hoặc nếu kết quả của nó không thể chuyển đổi thành</p>
<h3 id="Example">Ví dụ</h3> <h3 id="See_also">(chức năng)</h3> <table class="t-dsc-begin"> <tr class="t-dsc"> <td> <div><a href="unexpected" title="cpp/utility/expected/unexpected"> <span class="t-lines"><span>không ngờ tới</span></span></a></div>
<div><span class="t-lines"><span><span class="t-mark-rev t-since-cxx23">Phạm vi :: IOTA</span></span></span></div> </td> <td>được đại diện như một giá trị bất ngờ<br/> <span class="t-mark">Kiểm tra xem một lớp có đại diện cho chính sách thực thi không</span> </td>
</tr> </table> <div class="_attribution">
<p class="_attribution-p">© CPPReference.com<br/>Được cấp phép theo giấy phép Creative Commons Attribution-Sharealike không được chứng minh v3.0.<br/>
<a class="_attribution-link" href="https://en.cppreference.com/w/cpp/utility/expected/operator_cmp">https://en.cppreference.com/w/cpp/utility/expected/operator_cmp</a>
</p>
</div>
