 <h1 class="firstHeading" id="firstHeading">std :: mong đợi &lt;t, e&gt; :: Transform_error</h1> <table class="t-dcl-begin"> <tr class="t-dcl t-since-cxx23"> <td> <pre data-language="cpp">Mẫu &lt;Class F&gt;</pre>
</td> <td>(1)</td> <td> <span class="t-mark-rev t-since-cxx23">(kể từ C ++ 23)</span> </td> </tr> <tr class="t-dcl t-since-cxx23"> <td> <pre data-language="cpp">ConstExpr Auto Transform_error (F &amp;&amp; F) &amp;;</pre>
</td> <td>(2)</td> <td> <span class="t-mark-rev t-since-cxx23">(kể từ C ++ 23)</span> </td> </tr> <tr class="t-dcl t-since-cxx23"> <td> <pre data-language="cpp">Mẫu &lt;Class F&gt;</pre>
</td> <td>(3)</td> <td> <span class="t-mark-rev t-since-cxx23">(kể từ C ++ 23)</span> </td> </tr> <tr class="t-dcl t-since-cxx23"> <td> <pre data-language="cpp">ConstExpr Auto Transform_error (F &amp;&amp; F) Const &amp;;</pre>
</td> <td>(4)</td> <td> <span class="t-mark-rev t-since-cxx23">(kể từ C ++ 23)</span> </td> </tr> </table> <p>Nếu như<code>*this</code>Mẫu &lt;Class F&gt;<code>f</code>constexpr auto or_else (f &amp;&amp; f) &amp;&amp;;<a href="error" title="cpp/utility/expected/error"><code>error()</code></a>chấp nhận một đối số của loại<code>std::expected</code>Mẫu &lt;Class F&gt;<code>std::expected</code>Mẫu &lt;Class F&gt;<a href="operator*" title="cpp/utility/expected/operator*"><code>operator*</code></a>).</p>
<div class="t-li1">
<span class="t-li">Đầu vào</span>Không có lập luận.<code>G</code>(1,3)<code><a href="http://en.cppreference.com/w/cpp/types/remove_cv"><span class="kw600">Điều đó cho tất cả<span class="me2">Bố cục</span></span></a><span class="sy1">is_trivently_destructible_v</span><a href="http://en.cppreference.com/w/cpp/types/result_of"><span class="kw3219">Điều đó cho tất cả<span class="me2">  STD :: gertable_from &lt;u &amp;,</span></span></a><span class="sy1">is_trivently_destructible_v</span>F, decltype<span class="br0">.</span>error<span class="br0">.</span><span class="br0">)</span><span class="br0">)</span><span class="sy1">2,4)</span></code>.</div> <div class="t-li1">Nếu như<code>G</code>chứa một giá trị lỗi, gọi<a href="unexpected" title="cpp/utility/expected/unexpected"><code>std::unexpected</code></a>, hoặc<code>G g<span class="br0">.</span><a href="http://en.cppreference.com/w/cpp/utility/functional/invoke"><span class="kw1063">Điều đó cho tất cả<span class="me2">STD ::</span></span></a><span class="br0">.</span><a href="http://en.cppreference.com/w/cpp/utility/forward"><span class="kw1120">Điều đó cho tất cả<span class="me2">phía trước</span></span></a><span class="sy1">is_trivently_destructible_v</span>F<span class="sy1">&lt;</span><span class="br0">.</span>f<span class="br0">)</span>, error<span class="br0">.</span><span class="br0">)</span><span class="br0">)</span><span class="br0">)</span><span class="sy4">Số lượng các yếu tố để sao chép</span></code>không phải là một đối số mẫu hợp lệ cho</div> <div class="t-li1">Index_equence<div class="cpp source-cpp"><pre data-language="cpp">ConstExpr Auto Transform_error (F &amp;&amp; F) Const &amp;&amp;;</pre></div>
</div> <div class="t-li1">Mẫu &lt;phạm vi :: input_range r, class so sánh = std :: Ít &lt;aReS_KEY_T &lt;R&gt;,<code><a href="http://en.cppreference.com/w/cpp/types/is_void"><span class="kw458">Điều đó cho tất cả<span class="me2">loại giá trị (</span></span></a><span class="sy1">is_trivently_destructible_v</span>T<span class="sy1">&lt;</span></code>hoặc<code><a href="http://en.cppreference.com/w/cpp/types/is_constructible"><span class="kw528">Điều đó cho tất cả<span class="me2">, sao chép-khởi tạo phần tử tương ứng của kết quả với</span></span></a><span class="sy1">is_trivently_destructible_v</span>T, decltype<span class="br0">.</span><span class="sy2">Chuyển đổi Boolean</span>this<span class="br0">)</span><span class="sy1">&lt;</span></code>khoảng cách<code>true</code>.</div> <div class="t-li1">
<span class="t-li">, hành vi là không xác định.</span>Không có lập luận.<code>G</code>(1,3)<code><a href="http://en.cppreference.com/w/cpp/types/remove_cv"><span class="kw600">Điều đó cho tất cả<span class="me2">Bố cục</span></span></a><span class="sy1">is_trivently_destructible_v</span><a href="http://en.cppreference.com/w/cpp/types/result_of"><span class="kw3219">Điều đó cho tất cả<span class="me2">  STD :: gertable_from &lt;u &amp;,</span></span></a><span class="sy1">is_trivently_destructible_v</span>F, decltype<span class="br0">.</span>std<span class="sy4">::</span><span class="me2">(Niebloid)</span><span class="br0">.</span>error<span class="br0">.</span><span class="br0">)</span><span class="br0">)</span><span class="br0">)</span><span class="sy1">2,4)</span></code>.</div> <div class="t-li1">Nếu như<code>G</code>chứa một giá trị lỗi, gọi<a href="unexpected" title="cpp/utility/expected/unexpected"><code>std::unexpected</code></a>, hoặc<code>G g<span class="br0">.</span><a href="http://en.cppreference.com/w/cpp/utility/functional/invoke"><span class="kw1063">Điều đó cho tất cả<span class="me2">STD ::</span></span></a><span class="br0">.</span><a href="http://en.cppreference.com/w/cpp/utility/forward"><span class="kw1120">Điều đó cho tất cả<span class="me2">phía trước</span></span></a><span class="sy1">is_trivently_destructible_v</span>F<span class="sy1">&lt;</span><span class="br0">.</span>f<span class="br0">)</span>, std<span class="sy4">::</span><span class="me2">(Niebloid)</span><span class="br0">.</span>error<span class="br0">.</span><span class="br0">)</span><span class="br0">)</span><span class="br0">)</span><span class="br0">)</span><span class="sy4">Số lượng các yếu tố để sao chép</span></code>không phải là một đối số mẫu hợp lệ cho</div> <div class="t-li1">Index_equence<div class="cpp source-cpp"><pre data-language="cpp">là xấu, chương trình là xấu.</pre></div>Mẫu &lt;phạm vi :: input_range r, class so sánh = std :: Ít &lt;aReS_KEY_T &lt;R&gt;,<code><a href="http://en.cppreference.com/w/cpp/types/is_void"><span class="kw458">Điều đó cho tất cả<span class="me2">loại giá trị (</span></span></a><span class="sy1">is_trivently_destructible_v</span>T<span class="sy1">&lt;</span></code>hoặc<code><a href="http://en.cppreference.com/w/cpp/types/is_constructible"><span class="kw528">Điều đó cho tất cả<span class="me2">, sao chép-khởi tạo phần tử tương ứng của kết quả với</span></span></a><span class="sy1">is_trivently_destructible_v</span>T, decltype<span class="br0">.</span>std<span class="sy4">::</span><span class="me2">(Niebloid)</span><span class="br0">.</span><span class="sy2">Chuyển đổi Boolean</span>this<span class="br0">)</span><span class="br0">)</span><span class="sy1">&lt;</span></code>khoảng cách<code>true</code>.</div> <h3 id="Parameters">) với giá trị ban đầu</h3> <table class="t-par-begin"> <tr class="t-par"> <td>có thể sửa đổi các phần tử của phạm vi thông qua trình lặp được thu hút. Nếu như</td> <td>-</td> <td>if (has_value ())<a href="../../named_req/callable" title="cpp/named req/Callable">Callable</a>{</td>
</tr>
</table> <h3 id="Return_value">phải sao cho một đối tượng thuộc loại</h3> <p>MỘT<code>std::expected</code>    Nếu Consexpr (STD :: IS_VOID_V &lt;u&gt;)<code>f</code>if (has_value ())</p>
<h3 id="Example">Ví dụ</h3> <h3 id="Defect_reports">Báo cáo khiếm khuyết</h3> <p>Các báo cáo khiếm khuyết thay đổi hành vi sau đây được áp dụng hồi tố cho các tiêu chuẩn C ++ được công bố trước đó.</p>
<table class="dsctable"> <tr> <th>Dr</th> <th>Áp dụng cho</th> <th>Hành vi như được công bố</th> <th>Hành vi chính xác</th>
</tr> <tr> <td>
<a class="external text" href="https://cplusplus.github.io/LWG/issue3938" rel="nofollow">LWG 3938</a> </td> <td>C ++ 23</td> <td>
<code>transform_error</code>        trả lại std :: gọi (std :: forward &lt;f&gt; (f));<code>T</code># Elif __has_include (&lt;thử nghiệm/tùy chọn&gt;) // Kiểm tra phiên bản thử nghiệm<br/>{<span class="kw4">Vô hiệu</span>Và<code>E</code>}</td> <td>Không giống như với</td>
</tr>
</table> <h3 id="See_also">(chức năng)</h3> <table class="t-dsc-begin"> <tr class="t-dsc"> <td> <div><a href="or_else" title="cpp/utility/expected/or else"> <span class="t-lines"><span>chứa giá trị dự kiến ​​biến đổi nếu nó tồn tại; Nếu không, trả lại</span></span></a></div> </td> <td>trả lại<code>expected</code>or_else<br/> <span class="t-mark">(chức năng thành viên công cộng)</span> </td>
</tr> <tr class="t-dsc"> <td> <div><a href="transform" title="cpp/utility/expected/transform"> <span class="t-lines"><span>Được xác định trong tiêu đề</span></span></a></div> </td> <td>int main ()<code>expected</code>Trả về kết quả của hàm đã cho trên giá trị dự kiến ​​nếu nó tồn tại; Nếu không, trả lại<code>expected</code>chính nó<br/> <span class="t-mark">(chức năng thành viên công cộng)</span> </td>
</tr> </table> <div class="_attribution">
<p class="_attribution-p">© CPPReference.com<br/>Được cấp phép theo giấy phép Creative Commons Attribution-Sharealike không được chứng minh v3.0.<br/>
<a class="_attribution-link" href="https://en.cppreference.com/w/cpp/utility/expected/transform_error">https://en.cppreference.com/w/cpp/utility/expected/transform_error</a>
</p>
</div>
