 <h1 class="firstHeading" id="firstHeading">std :: bad_expected_access</h1> <table class="t-dcl-begin"> <tr class="t-dsc-header"> <th>C Thư viện<code><a href="../../header/expected" title="cpp/header/expected">&lt;expected&gt;</a></code> </th> <th> </th> <th> </th> </tr> <tr class="t-dcl t-since-cxx23"> <td> <pre data-language="cpp">Mẫu &lt;Class E&gt;</pre>
</td> <td>(1)</td> <td> <span class="t-mark-rev t-since-cxx23">(kể từ C ++ 23)</span> </td> </tr> <tr class="t-dcl t-since-cxx23"> <td> <pre data-language="cpp">lớp bad_expected_access: std công khai :: bad_expected_access &lt;oid&gt;</pre>
</td> <td>(2)</td> <td> <span class="t-mark-rev t-since-cxx23">(kể từ C ++ 23)</span> </td> </tr> </table> <div class="t-li1">
<span class="t-li">1)</span>Mẫu &lt;&gt;<a href="value" title="cpp/utility/expected/value"><code>std::expected::value</code></a>lớp bad_expected_access &lt;oid&gt;: std công khai :: ngoại lệ<code>bad_expected_access&lt;E&gt;</code>Xác định một loại đối tượng sẽ được ném bởi</div> <div class="t-li1">
<span class="t-li">2)</span> <code>bad_expected_access&lt;void&gt;</code>Khi truy cập một đối tượng dự kiến ​​chứa một giá trị bất ngờ.<code>bad_expected_access</code>, đặc tả định dạng được hiểu là</div> <h3 id="Members_of_the_primary_template">Lưu trữ một bản sao của giá trị bất ngờ.</h3> <table class="t-dsc-begin"> <tr class="t-dsc"> <td> <div><strong class="selflink"> <span class="t-lines"><span>chuyên môn)</span></span></strong></div> </td> <td>Nếu a<code>bad_expected_access</code>sự vật<br/> <span class="t-mark">(chức năng thành viên công cộng)</span> </td>
</tr> <tr class="t-dsc"> <td> <div><span class="t-lines"><span>. Nếu thất bại đã được gây ra bởi một số lỗi khác, hãy đặt</span></span></div> </td> <td>là lớp cơ sở của tất cả các loại khác<br/> <span class="t-mark">(chức năng thành viên công cộng)</span> </td>
</tr> <tr class="t-dsc"> <td> <div><span class="t-lines"><span>Con trỏ đến một chuỗi kết thúc null với thông tin giải thích. Chuỗi phù hợp để chuyển đổi và hiển thị dưới dạng</span></span></div> </td> <td>Trả về chuỗi giải thích<br/> <span class="t-mark">(chức năng thành viên công cộng)</span> </td>
</tr> </table> <div class="t-member"> <h2 id="std::bad_expected_access::bad_expected_access">Các thành viên của mẫu chính</h2> <table class="t-dcl-begin"> <tr class="t-dcl"> <td class="t-dcl-nopad"> <pre data-language="cpp">Trả về giá trị được lưu trữ</pre>
</td> <td class="t-dcl-nopad"> </td> <td class="t-dcl-nopad"> </td> </tr> </table> <p>Xây dựng một mới<code>bad_expected_access&lt;E&gt;</code>std :: bad_expected_access :: bad_expected_access<code>std::move(e)</code>.</p>
</div> <div class="t-member"> <h2 id="std::bad_expected_access::error">rõ ràng bad_expected_access (e e);</h2> <table class="t-dcl-begin"> <tr class="t-dcl"> <td class="t-dcl-nopad"> <pre data-language="cpp">sự vật. Khởi tạo giá trị được lưu trữ với</pre>
</td> <td class="t-dcl-nopad"> </td> <td class="t-dcl-nopad"> </td> </tr> </table> <p>Trả về một tham chiếu đến giá trị được lưu trữ.</p>
</div> <div class="t-member"> <h2 id="std::bad_expected_access::what">std :: bad_expected_access :: lỗi</h2> <table class="t-dcl-begin"> <tr class="t-dcl"> <td class="t-dcl-nopad"> <pre data-language="cpp">const char* what () const noexcept ghi đè;</pre>
</td> <td class="t-dcl-nopad"> </td> <td class="t-dcl-nopad"> </td> </tr> </table> <p>Cả hai đều có loại động</p>
<h3 id="Parameters">) với giá trị ban đầu</h3> <p>Gán cho đã cho</p>
<h3 id="Return_value">phải sao cho một đối tượng thuộc loại</h3> <p>STRCMP<code><a href="../../string/basic_string" title="cpp/string/basic string">std::wstring</a></code>Gì</p>
<h3 id="Notes">Ghi chú</h3> <p>Sau khi chuyển nhượng.<code>what()</code>.</p>
</div> <h3 id="Members_of_the_bad_expected_access.3Cvoid.3E_specialization">const e &amp; error () const &amp; noexcept;<code>bad_expected_access&lt;void&gt;</code>#include &lt;Istream&gt;</h3> <table class="t-dsc-begin"> <tr class="t-dsc"> <td> <div><span class="t-lines"><span>chuyên môn)</span></span></div> </td> <td>Nếu a<code>bad_expected_access&lt;void&gt;</code>sự vật<br/> <span class="t-mark">(chức năng thành viên được bảo vệ)</span> </td>
</tr> <tr class="t-dsc"> <td> <div><span class="t-lines"><span>một đối tượng ngoại lệ khác để gán với</span></span></div> </td> <td>Nếu tay cầm nút không trống,<code>bad_expected_access&lt;void&gt;</code>sự vật<br/> <span class="t-mark">(chức năng thành viên được bảo vệ)</span> </td>
</tr> <tr class="t-dsc"> <td> <div><span class="t-lines"><span>chuyên môn)</span></span></div> </td> <td>Thay thế<code>bad_expected_access&lt;void&gt;</code>sự vật<br/> <span class="t-mark">(chức năng thành viên được bảo vệ)</span> </td>
</tr> <tr class="t-dsc"> <td> <div><span class="t-lines"><span>Con trỏ đến một chuỗi kết thúc null với thông tin giải thích. Chuỗi phù hợp để chuyển đổi và hiển thị dưới dạng</span></span></div> </td> <td>Trả về chuỗi giải thích<br/> <span class="t-mark">(chức năng thành viên công cộng)</span> </td>
</tr> </table> <p>E &amp; ERROR () &amp; NoExcept;<code>bad_expected_access&lt;void&gt;</code>const e &amp;&amp; error () const &amp;&amp; noExcept;</p>
<h3 id="Example">Ví dụ</h3> <div class="_attribution">
<p class="_attribution-p">© CPPReference.com<br/>Được cấp phép theo giấy phép Creative Commons Attribution-Sharealike không được chứng minh v3.0.<br/>
<a class="_attribution-link" href="https://en.cppreference.com/w/cpp/utility/expected/bad_expected_access">https://en.cppreference.com/w/cpp/utility/expected/bad_expected_access</a>
</p>
</div>
