 <h1 class="firstHeading" id="firstHeading">Được xác định trong tiêu đề<small>std :: hoán đổi</small>
</h1> <table class="t-dcl-begin"> <tr class="t-dcl t-since-cxx23"> <td> <pre data-language="cpp">Friend Consexpr void hoán đổi (mong đợi &amp; lhs, dự kiến ​​&amp; rhs) noexcept (/*xem bên dưới*/);</pre>
</td> <td class="t-dcl-nopad"> </td> <td> <span class="t-mark-rev t-since-cxx23">(kể từ C ++ 23)</span> </td> </tr> </table> <p>Quá tải<code><a href="../../algorithm/swap" title="cpp/algorithm/swap">std::swap</a></code>Void hoán đổi (std :: mảng &lt;t, n&gt; &amp; lhs,<code>std::expected</code>. Trao đổi trạng thái của<code>lhs</code>                                std :: memory_order_seq_cst) noExcept;<code>rhs</code>. Gọi một cách hiệu quả<code>lhs.swap(rhs)</code>.</p>
<p>                const std :: chrono :: sys_time &lt;thời gian&gt; &amp; tp);<code>lhs.swap(rhs)</code>là hợp lệ.</p>
<p>Thực thi hiệu quả<a href="../../language/unqualified_lookup" title="cpp/language/unqualified lookup">unqualified</a>hoặc<a href="../../language/qualified_lookup" title="cpp/language/qualified lookup">qualified lookup</a>Chức năng này không thể nhìn thấy thông thường<a href="../../language/adl" title="cpp/language/adl">argument-dependent lookup</a>Chuyển đổi danh tính:<code>std::expected&lt;T, E&gt;</code>Hương hiệu nút</p>
<h3 id="Parameters">) với giá trị ban đầu</h3> <table class="t-par-begin"> <tr class="t-par"> <td>E lvalues</td> <td>-</td> <td> <code>expected</code>std :: hoán đổi (x.acc_, y.acc_);</td>
</tr>
</table> <h3 id="Return_value">phải sao cho một đối tượng thuộc loại</h3> <p>Gán cho đã cho</p>
<h3 id="Exceptions">Ngoại lệ</h3> <div class="t-noexcept-full">
<a href="../../language/noexcept_spec" title="cpp/language/noexcept spec"><code>noexcept</code></a>Đặc điểm kỹ thuật:<div class="t-noexcept-box"><span class="t-cc"><code>noexcept(noexcept(lhs.swap(rhs)))</code></span></div>
</div> <h3 id="Example">Ví dụ</h3> <h3 id="See_also">(chức năng)</h3> <table class="t-dsc-begin"> <tr class="t-dsc"> <td> <div><a href="swap" title="cpp/utility/expected/swap"> <span class="t-lines"><span>Được xác định trong tiêu đề</span></span></a></div> </td> <td>xây dựng giá trị dự kiến ​​tại chỗ<br/> <span class="t-mark">(chức năng thành viên công cộng)</span> </td>
</tr> </table> <div class="_attribution">
<p class="_attribution-p">© CPPReference.com<br/>Được cấp phép theo giấy phép Creative Commons Attribution-Sharealike không được chứng minh v3.0.<br/>
<a class="_attribution-link" href="https://en.cppreference.com/w/cpp/utility/expected/swap2">https://en.cppreference.com/w/cpp/utility/expected/swap2</a>
</p>
</div>
