 <h1 class="firstHeading" id="firstHeading">STD :: UNDPECT_T, STD :: UNTOPECT</h1> <table class="t-dcl-begin"> <tr class="t-dsc-header"> <th>C Thư viện<code><a href="../../header/expected" title="cpp/header/expected">&lt;expected&gt;</a></code> </th> <th> </th> <th> </th> </tr> <tr class="t-dcl t-since-cxx23"> <td> <pre data-language="cpp">struct obpect_t {</pre>
</td> <td>(1)</td> <td> <span class="t-mark-rev t-since-cxx23">(kể từ C ++ 23)</span> </td> </tr> <tr class="t-dcl t-since-cxx23"> <td> <pre data-language="cpp">    rõ ràng unplopect_t () = mặc định;</pre>
</td> <td>(2)</td> <td> <span class="t-mark-rev t-since-cxx23">(kể từ C ++ 23)</span> </td> </tr> </table> <div class="t-li1">
<span class="t-li">1)</span>};<code>std::expected</code>Giống như các tài liệu tham khảo ngôn ngữ, sự ổn định là nông cạn đối với</div> <div class="t-li1">
<span class="t-li">2)</span>Inline ConstExPR UNPEPECT_T UNTERPECT {};<code>const std::unexpect_t</code>Một loại thẻ để xây dựng tại chỗ của một giá trị bất ngờ trong một<code>std::expected</code>Một loại không đổi</div> <h3 id="Notes">Ghi chú</h3> <p>thường được truyền trực tiếp cho một nhà xây dựng của<code>unexpect_t</code>Để xây dựng một giá trị bất ngờ.</p>
<h3 id="See_also">(chức năng)</h3> <table class="t-dsc-begin"> <tr class="t-dsc"> <td> <div><a href="expected" title="cpp/utility/expected/expected"> <span class="t-lines"><span>chuyên môn)</span></span></a></div> </td> <td>Với kích thước nhỏ hơn không làm mất hiệu lực bất kỳ tài liệu tham khảo nào đối với các yếu tố không bị hỏng.<code>expected</code>sự vật<br/> <span class="t-mark">(chức năng thành viên công cộng)</span> </td>
</tr> <tr class="t-dsc"> <td> <div><a href="../in_place" title="cpp/utility/in place"> <span class="t-lines"><span>in_place</span><span>in_place_type</span><span>in_place_index</span><span>in_place_t</span><span>in_place_type_t</span><span>in_place_index_t</span></span></a></div>
<div><span class="t-lines"><span><span class="t-mark-rev t-since-cxx17">Dest_at</span></span></span></div> </td> <td>Thẻ xây dựng tại chỗ<br/><span class="t-mark">(nhãn)</span> </td>
</tr> </table> <div class="_attribution">
<p class="_attribution-p">© CPPReference.com<br/>Được cấp phép theo giấy phép Creative Commons Attribution-Sharealike không được chứng minh v3.0.<br/>
<a class="_attribution-link" href="https://en.cppreference.com/w/cpp/utility/expected/unexpect_t">https://en.cppreference.com/w/cpp/utility/expected/unexpect_t</a>
</p>
</div>
